// Jest Snapshot v1, https://goo.gl/fbAQLP

exports[`Logo renders correctly 1`] = `
<div
  className="MuiGrid-item-2 MuiGrid-grid-xs-12-41 child"
>
  <img
    alt="logo"
    src="test-file-stub"
  />
</div>
`;
